Connected to server plugins-preprod.nanome.ai 8888
Registered with plugin ID 20 
=======================================

Warning: Callback on_run not defined. Ignoring
Connected to server plugins-preprod.nanome.ai 8888
Registered with plugin ID 21 
=======================================

Error: Plugin encountered an error
Connected to server plugins-preprod.nanome.ai 8888
Registered with plugin ID 22 
=======================================

Error: Traceback (most recent call last):
  File "C:\Users\chalm\AppData\Local\Programs\Python\Python38-32\lib\site-packages\nanome\_internal\_plugin_instance.py", line 68, in _run
    self.start()
  File "C:\Users\chalm\Desktop\git_nanome\test\test.py", line 32, in start
    self._menu=TestMenu()
TypeError: __init__() missing 1 required positional argument: '_plugin'

Error: Plugin encountered an error, please check the logs. Traceback (most recent call last):
  File "C:\Users\chalm\AppData\Local\Programs\Python\Python38-32\lib\site-packages\nanome\_internal\_network\_session.py", line 15, in _read_from_plugin
    has_proc_data = self.__proc_plugin_pipe.poll()
  File "C:\Users\chalm\AppData\Local\Programs\Python\Python38-32\lib\multiprocessing\connection.py", line 257, in poll
    return self._poll(timeout)
  File "C:\Users\chalm\AppData\Local\Programs\Python\Python38-32\lib\multiprocessing\connection.py", line 328, in _poll
    _winapi.PeekNamedPipe(self._handle)[0] != 0):
BrokenPipeError: [WinError 109] The pipe has been ended

Connected to server plugins-preprod.nanome.ai 8888
Registered with plugin ID 23 
=======================================

Error: Traceback (most recent call last):
  File "C:\Users\chalm\AppData\Local\Programs\Python\Python38-32\lib\site-packages\nanome\_internal\_plugin_instance.py", line 68, in _run
    self.start()
  File "C:\Users\chalm\Desktop\git_nanome\test\test.py", line 32, in start
    self._menu=TestMenu()
TypeError: __init__() missing 1 required positional argument: '_plugin'

Error: Plugin encountered an error, please check the logs. Traceback (most recent call last):
  File "C:\Users\chalm\AppData\Local\Programs\Python\Python38-32\lib\site-packages\nanome\_internal\_network\_session.py", line 15, in _read_from_plugin
    has_proc_data = self.__proc_plugin_pipe.poll()
  File "C:\Users\chalm\AppData\Local\Programs\Python\Python38-32\lib\multiprocessing\connection.py", line 257, in poll
    return self._poll(timeout)
  File "C:\Users\chalm\AppData\Local\Programs\Python\Python38-32\lib\multiprocessing\connection.py", line 328, in _poll
    _winapi.PeekNamedPipe(self._handle)[0] != 0):
BrokenPipeError: [WinError 109] The pipe has been ended

Error: Traceback (most recent call last):
  File "C:\Users\chalm\AppData\Local\Programs\Python\Python38-32\lib\site-packages\nanome\_internal\_plugin_instance.py", line 68, in _run
    self.start()
  File "C:\Users\chalm\Desktop\git_nanome\test\test.py", line 33, in start
    self._menu.build_menu()
AttributeError: 'Menu' object has no attribute 'build_menu'

Error: Plugin encountered an error, please check the logs. Traceback (most recent call last):
  File "C:\Users\chalm\AppData\Local\Programs\Python\Python38-32\lib\site-packages\nanome\_internal\_network\_session.py", line 15, in _read_from_plugin
    has_proc_data = self.__proc_plugin_pipe.poll()
  File "C:\Users\chalm\AppData\Local\Programs\Python\Python38-32\lib\multiprocessing\connection.py", line 257, in poll
    return self._poll(timeout)
  File "C:\Users\chalm\AppData\Local\Programs\Python\Python38-32\lib\multiprocessing\connection.py", line 328, in _poll
    _winapi.PeekNamedPipe(self._handle)[0] != 0):
BrokenPipeError: [WinError 109] The pipe has been ended

Warning: The default menu (self.menu) is now deprecated and will be removed in a future version. Please use the ui.Menu() constructor to create the menu.
Connected to server plugins-preprod.nanome.ai 8888
Registered with plugin ID 24 
=======================================

Warning: The default menu (self.menu) is now deprecated and will be removed in a future version. Please use the ui.Menu() constructor to create the menu.
Connected to server plugins-preprod.nanome.ai 8888
Registered with plugin ID 25 
=======================================

Warning: The default menu (self.menu) is now deprecated and will be removed in a future version. Please use the ui.Menu() constructor to create the menu.
